BL51 BANKED LINKER/LOCATER V6.00                                                        06/21/2014  12:40:57  PAGE 1


BL51 BANKED LINKER/LOCATER V6.00, INVOKED BY:
C:\KEIL\C51\BIN\BL51.EXE test.obj TO test RAMSIZE (256) CODE (0X0000-0XFFFF)


MEMORY MODEL: SMALL


INPUT MODULES INCLUDED:
  test.obj (TEST)
  C:\KEIL\C51\LIB\C51S.LIB (?C_STARTUP)
  C:\KEIL\C51\LIB\C51S.LIB (?C?CLDPTR)
  C:\KEIL\C51\LIB\C51S.LIB (?C?CLDOPTR)
  C:\KEIL\C51\LIB\C51S.LIB (STRLEN)
  C:\KEIL\C51\LIB\C51S.LIB (?C_INIT)


LINK MAP OF MODULE:  test (TEST)


            TYPE    BASE      LENGTH    RELOCATION   SEGMENT NAME
            -----------------------------------------------------

            * * * * * * *   D A T A   M E M O R Y   * * * * * * *
            REG     0000H     0008H     ABSOLUTE     "REG BANK 0"
            DATA    0008H     0034H     UNIT         ?DT?TEST
            DATA    003CH     0009H     UNIT         _DATA_GROUP_
            IDATA   0045H     0001H     UNIT         ?STACK

            * * * * * * *   C O D E   M E M O R Y   * * * * * * *
            CODE    0000H     0003H     ABSOLUTE     
                    0003H     07FDH                  *** GAP ***
            CODE    0800H     0173H     UNIT         ?PR?MAIN?TEST
            CODE    0973H     0115H     UNIT         ?PR?_LCD_STRING?TEST
            CODE    0A88H     008CH     UNIT         ?C_C51STARTUP
            CODE    0B14H     0046H     UNIT         ?C?LIB_CODE
            CODE    0B5AH     003CH     UNIT         ?CO?TEST
            CODE    0B96H     0026H     UNIT         ?PR?_DELAY?TEST
            CODE    0BBCH     001CH     UNIT         ?PR?SIGNAL?TEST
            CODE    0BD8H     0016H     UNIT         ?PR?_LCD_DATA?TEST
            CODE    0BEEH     0015H     UNIT         ?PR?_STRLEN?STRLEN
            CODE    0C03H     0013H     UNIT         ?PR?_STRING_HYPR?TEST
            CODE    0C16H     000FH     UNIT         ?PR?_LCD_CMD?TEST
            CODE    0C25H     000AH     UNIT         ?PR?ENTER?TEST
            CODE    0C2FH     0009H     UNIT         ?C_INITSEG
            CODE    0C38H     0008H     UNIT         ?PR?_SEND_BYTE?TEST
            CODE    0C40H     0008H     UNIT         ?PR?RECV_BYTE?TEST



OVERLAY MAP OF MODULE:   test (TEST)


SEGMENT                          DATA_GROUP 
  +--> CALLED SEGMENT          START    LENGTH
----------------------------------------------
?C_C51STARTUP                  -----    -----
  +--> ?PR?MAIN?TEST
  +--> ?C_INITSEG
BL51 BANKED LINKER/LOCATER V6.00                                                      06/21/2014  12:40:57  PAGE 2



?PR?MAIN?TEST                  -----    -----
  +--> ?PR?_DELAY?TEST
  +--> ?PR?_LCD_CMD?TEST
  +--> ?CO?TEST
  +--> ?PR?_LCD_STRING?TEST
  +--> ?PR?_STRING_HYPR?TEST
  +--> ?PR?ENTER?TEST
  +--> ?PR?RECV_BYTE?TEST
  +--> ?PR?SIGNAL?TEST
  +--> ?PR?_STRLEN?STRLEN
  +--> ?PR?_LCD_DATA?TEST

?PR?_LCD_CMD?TEST              -----    -----
  +--> ?PR?_DELAY?TEST

?PR?_LCD_STRING?TEST           003CH    0009H
  +--> ?PR?_STRLEN?STRLEN
  +--> ?PR?_LCD_CMD?TEST
  +--> ?PR?_DELAY?TEST
  +--> ?PR?_LCD_DATA?TEST

?PR?_LCD_DATA?TEST             -----    -----
  +--> ?PR?_DELAY?TEST

?PR?_STRING_HYPR?TEST          -----    -----
  +--> ?PR?_SEND_BYTE?TEST

?PR?ENTER?TEST                 -----    -----
  +--> ?PR?_SEND_BYTE?TEST

?PR?SIGNAL?TEST                -----    -----
  +--> ?PR?_DELAY?TEST



SYMBOL TABLE OF MODULE:  test (TEST)

  VALUE           TYPE          NAME
  ----------------------------------

  -------         MODULE        TEST
  C:0000H         SYMBOL        _ICE_DUMMY_
  D:0080H         PUBLIC        P0
  D:0090H         PUBLIC        P1
  C:0BBCH         PUBLIC        signal
  C:0973H         PUBLIC        _lcd_string
  C:0BDFH         PUBLIC        _lcd_data
  B:0098H.0       PUBLIC        RI
  B:0098H.1       PUBLIC        TI
  C:0C03H         PUBLIC        _string_hypr
  C:0C25H         PUBLIC        enter
  C:0C38H         PUBLIC        _send_byte
  C:0800H         PUBLIC        main
  C:0C16H         PUBLIC        _lcd_cmd
  D:0099H         PUBLIC        SBUF
  D:0098H         PUBLIC        SCON
BL51 BANKED LINKER/LOCATER V6.00                                                      06/21/2014  12:40:57  PAGE 3


  D:0089H         PUBLIC        TMOD
  B:0090H.0       PUBLIC        led
  C:0C40H         PUBLIC        recv_byte
  D:008DH         PUBLIC        TH1
  B:0090H.1       PUBLIC        en
  B:0088H.6       PUBLIC        TR1
  D:0008H         PUBLIC        c
  B:0090H.0       PUBLIC        rs
  D:000AH         PUBLIC        i
  D:000BH         PUBLIC        j
  D:000CH         PUBLIC        message
  D:0034H         PUBLIC        l
  D:0035H         PUBLIC        m
  D:0037H         PUBLIC        n
  C:0B9CH         PUBLIC        _delay
  D:0039H         PUBLIC        t
  D:003BH         PUBLIC        z
  -------         PROC          MAIN
  C:0800H         LINE#         18
  C:0800H         LINE#         19
  C:0800H         LINE#         20
  C:0802H         LINE#         21
  C:0805H         LINE#         22
  C:0808H         LINE#         23
  C:080BH         LINE#         24
  C:080DH         LINE#         25
  C:0814H         LINE#         26
  C:0819H         LINE#         27
  C:081EH         LINE#         28
  C:0823H         LINE#         29
  C:0828H         LINE#         30
  C:0831H         LINE#         31
  C:0836H         LINE#         32
  C:083FH         LINE#         33
  C:0848H         LINE#         34
  C:084BH         LINE#         35
  C:0852H         LINE#         36
  C:085BH         LINE#         37
  C:085EH         LINE#         38
  C:0865H         LINE#         39
  C:086EH         LINE#         40
  C:0871H         LINE#         41
  C:0878H         LINE#         43
  C:0878H         LINE#         44
  C:0878H         LINE#         45
  C:0881H         LINE#         46
  C:0884H         LINE#         47
  C:088BH         LINE#         48
  C:0892H         LINE#         50
  C:0892H         LINE#         51
  C:0897H         LINE#         52
  C:089CH         LINE#         53
  C:08A3H         LINE#         54
  C:08A6H         LINE#         55
  C:08AFH         LINE#         56
  C:08B2H         LINE#         57
  C:08B9H         LINE#         59
BL51 BANKED LINKER/LOCATER V6.00                                                      06/21/2014  12:40:57  PAGE 4


  C:08B9H         LINE#         60
  C:08BEH         LINE#         61
  C:08C3H         LINE#         64
  C:08C3H         LINE#         65
  C:08C8H         LINE#         66
  C:08D2H         LINE#         67
  C:08D7H         LINE#         68
  C:08E0H         LINE#         69
  C:08EAH         LINE#         70
  C:08EFH         LINE#         71
  C:08F8H         LINE#         72
  C:08F8H         LINE#         73
  C:08FDH         LINE#         74
  C:0904H         LINE#         76
  C:0907H         LINE#         77
  C:0907H         LINE#         79
  C:090AH         LINE#         81
  C:0915H         LINE#         82
  C:091AH         LINE#         83
  C:0921H         LINE#         85
  C:0931H         LINE#         86
  C:0931H         LINE#         87
  C:0934H         LINE#         88
  C:093BH         LINE#         89
  C:093FH         LINE#         90
  C:093FH         LINE#         92
  C:093FH         LINE#         93
  C:0944H         LINE#         94
  C:094BH         LINE#         96
  C:095BH         LINE#         97
  C:095BH         LINE#         99
  C:095EH         LINE#         100
  C:0965H         LINE#         101
  C:0969H         LINE#         103
  C:0969H         LINE#         104
  C:0970H         LINE#         105
  -------         ENDPROC       MAIN
  -------         PROC          _SEND_BYTE
  D:0007H         SYMBOL        ch
  C:0C38H         LINE#         107
  C:0C38H         LINE#         108
  C:0C38H         LINE#         110
  C:0C3AH         LINE#         111
  C:0C3DH         LINE#         112
  C:0C3FH         LINE#         114
  -------         ENDPROC       _SEND_BYTE
  -------         PROC          RECV_BYTE
  -------         DO            
  D:0007H         SYMBOL        c
  -------         ENDDO         
  C:0C40H         LINE#         115
  C:0C40H         LINE#         116
  C:0C40H         LINE#         118
  C:0C43H         LINE#         119
  C:0C45H         LINE#         120
  C:0C47H         LINE#         121
  C:0C47H         LINE#         122
BL51 BANKED LINKER/LOCATER V6.00                                                      06/21/2014  12:40:57  PAGE 5


  -------         ENDPROC       RECV_BYTE
  -------         PROC          _STRING_HYPR
  D:0001H         SYMBOL        str
  C:0C03H         LINE#         123
  C:0C03H         LINE#         124
  C:0C03H         LINE#         125
  C:0C09H         LINE#         126
  C:0C09H         LINE#         127
  C:0C0CH         LINE#         128
  C:0C13H         LINE#         129
  C:0C15H         LINE#         130
  -------         ENDPROC       _STRING_HYPR
  -------         PROC          ENTER
  C:0C25H         LINE#         131
  C:0C25H         LINE#         132
  C:0C25H         LINE#         133
  C:0C2AH         LINE#         134
  -------         ENDPROC       ENTER
  -------         PROC          SIGNAL
  C:0BBCH         LINE#         137
  C:0BBCH         LINE#         138
  C:0BBCH         LINE#         139
  C:0BBCH         LINE#         140
  C:0BBFH         LINE#         141
  C:0BC1H         LINE#         142
  C:0BC4H         LINE#         143
  C:0BC4H         LINE#         144
  C:0BC7H         LINE#         145
  C:0BC9H         LINE#         146
  C:0BCCH         LINE#         147
  C:0BCCH         LINE#         148
  C:0BCFH         LINE#         149
  C:0BD1H         LINE#         150
  -------         ENDPROC       SIGNAL
  -------         PROC          _LCD_CMD
  D:0007H         SYMBOL        x1
  C:0C16H         LINE#         153
  C:0C16H         LINE#         154
  C:0C16H         LINE#         155
  C:0C18H         LINE#         156
  C:0C1AH         LINE#         157
  C:0C1CH         LINE#         158
  C:0C1EH         LINE#         159
  -------         ENDPROC       _LCD_CMD
  C:0BD8H         SYMBOL        L?0070
  -------         PROC          L?0069
  -------         ENDPROC       L?0069
  C:0BD8H         SYMBOL        L?0070
  -------         PROC          _LCD_DATA
  D:0007H         SYMBOL        x2
  C:0BDFH         LINE#         161
  C:0BDFH         LINE#         162
  C:0BDFH         LINE#         163
  C:0BE1H         LINE#         164
  C:0BE3H         LINE#         165
  C:0BE5H         LINE#         166
  C:0BE7H         LINE#         167
BL51 BANKED LINKER/LOCATER V6.00                                                      06/21/2014  12:40:57  PAGE 6


  -------         ENDPROC       _LCD_DATA
  -------         PROC          _LCD_STRING
  D:003CH         SYMBOL        str
  -------         DO            
  D:003FH         SYMBOL        i
  D:0041H         SYMBOL        j
  D:0043H         SYMBOL        k
  -------         ENDDO         
  C:0973H         LINE#         169
  C:0979H         LINE#         170
  C:0979H         LINE#         172
  C:0980H         LINE#         173
  C:0985H         LINE#         174
  C:098CH         LINE#         175
  C:0991H         LINE#         176
  C:0998H         LINE#         177
  C:09ACH         LINE#         178
  C:09ACH         LINE#         179
  C:09C6H         LINE#         180
  C:09C6H         LINE#         181
  C:09C9H         LINE#         182
  C:09D0H         LINE#         183
  C:09DAH         LINE#         184
  C:09DAH         LINE#         186
  C:09DAH         LINE#         187
  C:09DFH         LINE#         188
  C:09DFH         LINE#         189
  C:09F2H         LINE#         190
  C:09F9H         LINE#         191
  C:0A0CH         LINE#         192
  C:0A29H         LINE#         193
  C:0A29H         LINE#         194
  C:0A2EH         LINE#         195
  C:0A33H         LINE#         196
  C:0A4AH         LINE#         197
  C:0A4AH         LINE#         198
  C:0A5DH         LINE#         199
  C:0A64H         LINE#         200
  C:0A6EH         LINE#         201
  C:0A75H         LINE#         202
  C:0A87H         LINE#         203
  C:0A87H         LINE#         204
  -------         ENDPROC       _LCD_STRING
  C:0B96H         SYMBOL        L?0067
  C:0B98H         SYMBOL        L?0068
  -------         PROC          L?0066
  -------         ENDPROC       L?0066
  C:0B96H         SYMBOL        L?0067
  C:0B98H         SYMBOL        L?0068
  -------         PROC          _DELAY
  D:0006H         SYMBOL        time
  -------         DO            
  D:0004H         SYMBOL        x
  D:0002H         SYMBOL        y
  -------         ENDDO         
  C:0B9CH         LINE#         205
  C:0B9CH         LINE#         206
BL51 BANKED LINKER/LOCATER V6.00                                                      06/21/2014  12:40:57  PAGE 7


  C:0B9CH         LINE#         208
  C:0BA6H         LINE#         209
  C:0BBBH         LINE#         210
  -------         ENDPROC       _DELAY
  -------         ENDMOD        TEST

  -------         MODULE        ?C?CLDPTR
  C:0B14H         PUBLIC        ?C?CLDPTR
  -------         ENDMOD        ?C?CLDPTR

  -------         MODULE        ?C?CLDOPTR
  C:0B2DH         PUBLIC        ?C?CLDOPTR
  -------         ENDMOD        ?C?CLDOPTR

  -------         MODULE        STRLEN
  C:0BEEH         PUBLIC        _STRLEN
  -------         ENDMOD        STRLEN

******************************************************************************
* RESTRICTED VERSION WITH 0800H BYTE CODE SIZE LIMIT; USED: 0360H BYTE (42%) *
******************************************************************************

Program Size: data=70.0 xdata=0 code=1099
LINK/LOCATE RUN COMPLETE.  0 WARNING(S),  0 ERROR(S)
